   Compiling syn v2.0.117
   Compiling serde_core v1.0.228
   Compiling indexmap v2.13.0
   Compiling serde v1.0.228
   Compiling form_urlencoded v1.2.2
   Compiling crossbeam-utils v0.8.21
   Compiling utf8_iter v1.0.4
   Compiling zmij v1.0.21
   Compiling smallvec v1.15.1
   Compiling futures-util v0.3.32
   Compiling block-buffer v0.10.4
   Compiling http v1.4.0
   Compiling serde_json v1.0.149
   Compiling http-body v1.0.1
   Compiling openssl-sys v0.9.112
   Compiling synstructure v0.13.2
   Compiling foldhash v0.1.5
   Compiling thiserror v2.0.18
   Compiling cpufeatures v0.2.17
   Compiling allocator-api2 v0.2.21
   Compiling futures-sink v0.3.32
   Compiling num-traits v0.2.19
   Compiling hashbrown v0.15.5
   Compiling concurrent-queue v2.5.0
   Compiling ryu v1.0.23
   Compiling tower-service v0.3.3
   Compiling crc-catalog v2.4.0
   Compiling parking v2.2.1
   Compiling crc v3.4.0
   Compiling event-listener v5.4.1
   Compiling crossbeam-queue v0.3.12
   Compiling parking_lot_core v0.9.12
   Compiling hashlink v0.10.0
   Compiling crypto-common v0.1.7
   Compiling futures-channel v0.3.32
   Compiling zerofrom-derive v0.1.6
   Compiling yoke-derive v0.8.1
   Compiling zerovec-derive v0.11.2
   Compiling displaydoc v0.2.5
   Compiling tracing-attributes v0.1.31
   Compiling tokio-macros v2.6.1
   Compiling serde_derive v1.0.228
   Compiling zerofrom v0.1.6
   Compiling yoke v0.8.1
   Compiling zerovec v0.11.5
   Compiling zerotrie v0.2.3
   Compiling tokio v1.50.0
   Compiling tinystr v0.8.2
   Compiling potential_utf v0.1.4
   Compiling icu_locale_core v2.1.1
   Compiling icu_collections v2.1.1
   Compiling tracing v0.1.44
   Compiling icu_provider v2.1.1
   Compiling icu_properties v2.1.2
   Compiling icu_normalizer v2.1.1
   Compiling thiserror-impl v2.0.18
   Compiling serde_urlencoded v0.7.1
   Compiling either v1.15.0
   Compiling idna_adapter v1.2.1
   Compiling libsqlite3-sys v0.30.1
   Compiling spin v0.9.8
   Compiling base64 v0.22.1
   Compiling bitflags v2.11.0
   Compiling slab v0.4.12
   Compiling httparse v1.10.1
   Compiling idna v1.1.0
   Compiling tokio-util v0.7.18
   Compiling parking_lot v0.12.5
   Compiling digest v0.10.7
   Compiling fnv v1.0.7
   Compiling foreign-types-shared v0.1.1
   Compiling tower-layer v0.3.3
   Compiling openssl v0.10.76
   Compiling atomic-waker v1.1.2
   Compiling try-lock v0.2.5
   Compiling want v0.3.1
   Compiling h2 v0.4.13
   Compiling foreign-types v0.3.2
   Compiling atoi v2.0.0
   Compiling sha2 v0.10.9
   Compiling futures-intrusive v0.5.0
   Compiling url v2.5.8
   Compiling tokio-stream v0.1.18
   Compiling openssl-macros v0.1.1
   Compiling http-body-util v0.1.3
   Compiling sync_wrapper v1.0.2
   Compiling pin-utils v0.1.0
   Compiling native-tls v0.2.18
   Compiling httpdate v1.0.3
   Compiling sqlx-core v0.8.6
   Compiling hyper v1.8.1
   Compiling futures-executor v0.3.32
   Compiling flume v0.11.1
   Compiling rustversion v1.0.22
   Compiling openssl-probe v0.2.1
   Compiling ipnet v2.12.0
   Compiling hyper-util v0.1.20
   Compiling sqlx-sqlite v0.8.6
   Compiling tower v0.5.3
   Compiling mime v0.3.17
   Compiling dotenvy v0.15.7
   Compiling heck v0.5.0
   Compiling hex v0.4.3
   Compiling tokio-native-tls v0.3.1
   Compiling sqlx-macros-core v0.8.6
   Compiling async-trait v0.1.89
   Compiling iri-string v0.7.11
   Compiling zeroize v1.8.2
   Compiling sqlx-macros v0.8.6
   Compiling rustls-pki-types v1.14.0
   Compiling axum-core v0.4.5
   Compiling tower-http v0.6.8
   Compiling hyper-tls v0.6.0
   Compiling axum-macros v0.4.2
   Compiling serde_path_to_error v0.1.20
   Compiling encoding_rs v0.8.35
   Compiling matchit v0.7.3
   Compiling reqwest v0.12.28
   Compiling axum v0.7.9
   Compiling sqlx v0.8.6
   Compiling tower-http v0.5.2
   Compiling library-backend v0.1.0 (/home/aadhiishvar/week_end_projects/lib_automation/backend)
warning: struct `AppState` is never constructed
 --> src/db.rs:4:12
  |
4 | pub struct AppState {
  |            ^^^^^^^^
  |
  = note: `#[warn(dead_code)]` (part of `#[warn(unused)]`) on by default

warning: `library-backend` (bin "library-backend") generated 1 warning
    Finished `dev` profile [unoptimized + debuginfo] target(s) in 55.94s
     Running `target/debug/library-backend`
[backend] Running on http://localhost:3000
